Traceback (most recent call last):
  File "/opt/anaconda3/envs/python-dsspikes-env/lib/python3.11/site-packages/jupyter_core/utils/__init__.py", line 154, in wrapped
    asyncio.get_running_loop()
RuntimeError: no running event loop

During handling of the above exception, another exception occurred:

Traceback (most recent call last):
  File "/opt/anaconda3/envs/python-dsspikes-env/lib/python3.11/site-packages/jupyter_cache/executors/utils.py", line 58, in single_nb_execution
    executenb(
  File "/opt/anaconda3/envs/python-dsspikes-env/lib/python3.11/site-packages/nbclient/client.py", line 1319, in execute
    return NotebookClient(nb=nb, resources=resources, km=km, **kwargs).execute()
           ^^^^^^^^^^^^^^^^^^^^^^^^^^^^^^^^^^^^^^^^^^^^^^^^^^^^^^^^^^^^^^^^^^^^^
  File "/opt/anaconda3/envs/python-dsspikes-env/lib/python3.11/site-packages/jupyter_core/utils/__init__.py", line 158, in wrapped
    return loop.run_until_complete(inner)
           ^^^^^^^^^^^^^^^^^^^^^^^^^^^^^^
  File "/opt/anaconda3/envs/python-dsspikes-env/lib/python3.11/asyncio/base_events.py", line 654, in run_until_complete
    return future.result()
           ^^^^^^^^^^^^^^^
  File "/opt/anaconda3/envs/python-dsspikes-env/lib/python3.11/site-packages/nbclient/client.py", line 709, in async_execute
    await self.async_execute_cell(
  File "/opt/anaconda3/envs/python-dsspikes-env/lib/python3.11/site-packages/nbclient/client.py", line 1062, in async_execute_cell
    await self._check_raise_for_error(cell, cell_index, exec_reply)
  File "/opt/anaconda3/envs/python-dsspikes-env/lib/python3.11/site-packages/nbclient/client.py", line 918, in _check_raise_for_error
    raise CellExecutionError.from_cell_and_msg(cell, exec_reply_content)
nbclient.exceptions.CellExecutionError: An error occurred while executing the following cell:
------------------
# ___ add date column


# Paths
metadata_file = Path("data/records_fake_metadata.csv")
metadata_file_2 = Path("data/records_fake_metadata_2.csv")
records_root = Path("data/records_fake")

# Load existing CSV
df = pd.read_csv(metadata_file)

# Function to extract date from file_path
def extract_date(file_path_str):
    file_path = Path(file_path_str)
    # Parent of the cell folder is the day folder: 03.15, 03.20, ...
    day_folder = file_path.parent.parent.name
    try:
        month, day = day_folder.split(".")
        return f"2024-{month}-{day}"  # YYYY-MM-DD
    except ValueError:
        return "2024-01-01"  # fallback if malformed

# Apply function
df['date'] = df['file_path'].apply(extract_date)

# Reorder columns: cell_id, date, file_path, file_name
df = df[['cell_id', 'date', 'file_path', 'file_name']]

# Save new CSV
df.to_csv(metadata_file_2, index=False)

print(f"Metadata updated with 'date', saved to {metadata_file_2}")

------------------


[31m---------------------------------------------------------------------------[39m
[31mNameError[39m                                 Traceback (most recent call last)
[36mCell[39m[36m [39m[32mIn[6][39m[32m, line 5[39m
[32m      1[39m [38;5;66;03m# ___ add date column[39;00m
[32m      2[39m 
[32m      3[39m 
[32m      4[39m [38;5;66;03m# Paths[39;00m
[32m----> [39m[32m5[39m metadata_file = [43mPath[49m([33m"[39m[33mdata/records_fake_metadata.csv[39m[33m"[39m)
[32m      6[39m metadata_file_2 = Path([33m"[39m[33mdata/records_fake_metadata_2.csv[39m[33m"[39m)
[32m      7[39m records_root = Path([33m"[39m[33mdata/records_fake[39m[33m"[39m)

[31mNameError[39m: name 'Path' is not defined

