Traceback (most recent call last):
  File "/Users/campillo/miniforge3/envs/python-dsspikes-env/lib/python3.11/site-packages/jupyter_core/utils/__init__.py", line 154, in wrapped
    asyncio.get_running_loop()
RuntimeError: no running event loop

During handling of the above exception, another exception occurred:

Traceback (most recent call last):
  File "/Users/campillo/miniforge3/envs/python-dsspikes-env/lib/python3.11/site-packages/jupyter_cache/executors/utils.py", line 58, in single_nb_execution
    executenb(
  File "/Users/campillo/miniforge3/envs/python-dsspikes-env/lib/python3.11/site-packages/nbclient/client.py", line 1319, in execute
    return NotebookClient(nb=nb, resources=resources, km=km, **kwargs).execute()
           ^^^^^^^^^^^^^^^^^^^^^^^^^^^^^^^^^^^^^^^^^^^^^^^^^^^^^^^^^^^^^^^^^^^^^
  File "/Users/campillo/miniforge3/envs/python-dsspikes-env/lib/python3.11/site-packages/jupyter_core/utils/__init__.py", line 158, in wrapped
    return loop.run_until_complete(inner)
           ^^^^^^^^^^^^^^^^^^^^^^^^^^^^^^
  File "/Users/campillo/miniforge3/envs/python-dsspikes-env/lib/python3.11/asyncio/base_events.py", line 654, in run_until_complete
    return future.result()
           ^^^^^^^^^^^^^^^
  File "/Users/campillo/miniforge3/envs/python-dsspikes-env/lib/python3.11/site-packages/nbclient/client.py", line 709, in async_execute
    await self.async_execute_cell(
  File "/Users/campillo/miniforge3/envs/python-dsspikes-env/lib/python3.11/site-packages/nbclient/client.py", line 1062, in async_execute_cell
    await self._check_raise_for_error(cell, cell_index, exec_reply)
  File "/Users/campillo/miniforge3/envs/python-dsspikes-env/lib/python3.11/site-packages/nbclient/client.py", line 918, in _check_raise_for_error
    raise CellExecutionError.from_cell_and_msg(cell, exec_reply_content)
nbclient.exceptions.CellExecutionError: An error occurred while executing the following cell:
------------------
from matplotlib.backends.backend_pdf import PdfPages



records_dir = Path("records")


abf_files = list(records_dir.rglob("*.abf"))

# A4 size (portrait: 8.27 × 11.69 in)
a4_size = (8.27, 11.69)

with PdfPages("abf_sweeps_A4.pdf") as pdf:
    for i in range(0, len(abf_files), 2):
        # master A4 page with 2 slots
        fig, axes = plt.subplots(
            2, 1, figsize=a4_size, constrained_layout=True
        )

        for j in range(2):
            if i + j < len(abf_files):
                file_path = abf_files[i + j]
                abf = pyabf.ABF(file_path)
                print(f"Processing: {file_path}")

                # generate smaller sub-figure
                subfig, (ax1, ax2) = plot_abf_sweeps_with_legend4(
                    abf, file_path=file_path, records_dir=records_dir, figsize=(5, 2.5)  # reduced size
                )

                # save to buffer as image
                buf = io.BytesIO()
                subfig.savefig(buf, format="png", dpi=100, bbox_inches="tight")
                buf.seek(0)
                img = plt.imread(buf)

                # show inside A4 page slot
                axes[j].imshow(img)
                axes[j].axis("off")

                plt.close(subfig)

        pdf.savefig(fig)
        plt.close(fig)
------------------

----- stdout -----
Processing: records/2024_06/06.26/C1/2024_06_26_0025.abf
----- stderr -----
/var/folders/w3/v5_370_x7jj1dhxfzx1t90f400037d/T/ipykernel_14892/3401000586.py:13: MatplotlibDeprecationWarning: Keeping empty pdf files is deprecated since 3.8 and support will be removed two minor releases later.
  with PdfPages("abf_sweeps_A4.pdf") as pdf:
------------------

[31m---------------------------------------------------------------------------[39m
[31mTypeError[39m                                 Traceback (most recent call last)
[36mCell[39m[36m [39m[32mIn[10][39m[32m, line 27[39m
[32m     24[39m [38;5;28mprint[39m([33mf[39m[33m"[39m[33mProcessing: [39m[38;5;132;01m{[39;00mfile_path[38;5;132;01m}[39;00m[33m"[39m)
[32m     26[39m [38;5;66;03m# generate smaller sub-figure[39;00m
[32m---> [39m[32m27[39m subfig, (ax1, ax2) = [43mplot_abf_sweeps_with_legend4[49m[43m([49m
[32m     28[39m [43m    [49m[43mabf[49m[43m,[49m[43m [49m[43mfile_path[49m[43m=[49m[43mfile_path[49m[43m,[49m[43m [49m[43mrecords_dir[49m[43m=[49m[43mrecords_dir[49m[43m,[49m[43m [49m[43mfigsize[49m[43m=[49m[43m([49m[32;43m5[39;49m[43m,[49m[43m [49m[32;43m2.5[39;49m[43m)[49m[43m  [49m[38;5;66;43;03m# reduced size[39;49;00m
[32m     29[39m [43m[49m[43m)[49m
[32m     31[39m [38;5;66;03m# save to buffer as image[39;00m
[32m     32[39m buf = io.BytesIO()

[31mTypeError[39m: plot_abf_sweeps_with_legend4() got an unexpected keyword argument 'figsize'

